{-# LANGUAGE TemplateHaskell #-}
{-# LANGUAGE TypeOperators #-}
{-# LANGUAGE FlexibleContexts #-}
{-# LANGUAGE FlexibleInstances #-}
{-# LANGUAGE MultiParamTypeClasses #-}
{-# LANGUAGE UndecidableInstances #-}
module ImportLimitedExport where
import qualified Data.Comp
import qualified Data.Comp.Derive
import qualified ComposableTypes
import Init
cons = composable_types_constructor_Cons 0
