{-# LANGUAGE TemplateHaskell #-}
{-# LANGUAGE TypeOperators #-}
{-# LANGUAGE FlexibleContexts #-}
{-# LANGUAGE FlexibleInstances #-}
{-# LANGUAGE MultiParamTypeClasses #-}
{-# LANGUAGE UndecidableInstances #-}
module ImportPieceDeclToComposition where
import qualified Data.Comp
import qualified Data.Comp.Derive
import qualified ComposableTypes
import Pieces

type B = Data.Comp.Term (Aa Data.Comp.:+: Ab)
